// Jest Snapshot v1, https://goo.gl/fbAQLP

exports[`GifGif renders 1`] = `
<div>
  <div class="rounded shadow text-grey-darker">
    <div class="py-8">
      <h3 class="text-center">How do you pronounce the word <span class="font-light uppercase">gif</span>?</h3>
      <div class="flex justify-center py-8">
        <label for="jif" class="mx-8">
          GIF
          <input type="radio" id="jif" value="jif" name="pronunciation">
        </label>
        <label for="gif" class="mx-8">
          GIF
          <input type="radio" id="gif" value="gif" name="pronunciation">
        </label>
      </div>
    </div>
    <div class="flex justify-center">
      <div class="w-3/4">
        <input id="reason" type="text" placeholder="Why do you think it should be pronounced that way?" class="input">
      </div>
    </div>
    <div class="flex justify-center my-4">
      <div class="w-3/4">
        <input id="name" type="text" placeholder="What is your name?" class="input">
      </div>
    </div>
    <div class="flex justify-center">
      <button id="submit" disabled="disabled" class="button opacity-50 cursor-not-allowed">
        Submit
      </button>
    </div>
  </div>
  <div class="py-8">
    <h4 class="text-grey-darker text-center">User Responses:</h4>
  </div>
</div>
`;

exports[`GifGif renders with props 1`] = `
<div>
  <div class="rounded shadow text-grey-darker">
    <div class="py-8">
      <h3 class="text-center">How do you pronounce the word <span class="font-light uppercase">gif</span>?</h3>
      <div class="flex justify-center py-8">
        <label for="jif" class="mx-8">
          GIF
          <input type="radio" id="jif" value="jif" name="pronunciation">
        </label>
        <label for="gif" class="mx-8">
          GIF
          <input type="radio" id="gif" value="gif" name="pronunciation">
        </label>
      </div>
    </div>
    <div class="flex justify-center">
      <div class="w-3/4">
        <input id="reason" type="text" placeholder="Why do you think it should be pronounced that way?" class="input">
      </div>
    </div>
    <div class="flex justify-center my-4">
      <div class="w-3/4">
        <input id="name" type="text" placeholder="What is your name?" class="input">
      </div>
    </div>
    <div class="flex justify-center">
      <button id="submit" disabled="disabled" class="button opacity-50 cursor-not-allowed">
        Submit
      </button>
    </div>
  </div>
  <div class="py-8">
    <h4 class="text-grey-darker text-center">User Responses:</h4>
    <ul>
      <li class="py-4">
        <p><span class="font-light uppercase">gif</span> â€” It is how you pronounce gin</p>
        <p class="text-sm mt-2">Submitted by <span class="uppercase">Samantha</span></p>
      </li>
    </ul>
  </div>
</div>
`;
